{
    "parabricks_applybqsr_intervals": {
        "content": [
            "d41d8cd98f00b204e9800998ecf8427e",
            "test.bam.bai",
            [
                "versions.yml:md5,139b8f2a0926a26cf843ac23daace6d0"
            ]
        ],
        "meta": {
            "nf-test": "0.9.1",
            "nextflow": "24.10.0"
        },
        "timestamp": "2024-10-30T10:41:06.541345938"
    },
    "parabricks_applybqsr": {
        "content": [
            "894549ee3ced6b5ca2eed2563a985217",
            "test.bam.bai",
            [
                "versions.yml:md5,139b8f2a0926a26cf843ac23daace6d0"
            ]
        ],
        "meta": {
            "nf-test": "0.9.1",
            "nextflow": "24.10.0"
        },
        "timestamp": "2024-10-30T10:40:59.520632861"
    },
    "parabricks_applybqsr_intervals_stub": {
        "content": [
            {
                "0": [
                    [
                        {
                            "id": "test"
                        },
                        "test.bam:md5,d41d8cd98f00b204e9800998ecf8427e"
                    ]
                ],
                "1": [
                    [
                        {
                            "id": "test"
                        },
                        "test.bam.bai:md5,d41d8cd98f00b204e9800998ecf8427e"
                    ]
                ],
                "2": [
                    "versions.yml:md5,139b8f2a0926a26cf843ac23daace6d0"
                ],
                "bai": [
                    [
                        {
                            "id": "test"
                        },
                        "test.bam.bai:md5,d41d8cd98f00b204e9800998ecf8427e"
                    ]
                ],
                "bam": [
                    [
                        {
                            "id": "test"
                        },
                        "test.bam:md5,d41d8cd98f00b204e9800998ecf8427e"
                    ]
                ],
                "versions": [
                    "versions.yml:md5,139b8f2a0926a26cf843ac23daace6d0"
                ]
            }
        ],
        "meta": {
            "nf-test": "0.9.1",
            "nextflow": "24.10.0"
        },
        "timestamp": "2024-10-30T10:41:12.314674351"
    }
}